// Jest Snapshot v1, https://goo.gl/fbAQLP

exports[`AccountSwitcher renders correctly 1`] = `
<View
  style={
    {
      "flexDirection": "column",
      "maxHeight": NaN,
      "paddingBottom": 12,
    }
  }
>
  <View
    style={
      {
        "flexDirection": "column",
        "gap": 16,
        "paddingBottom": 16,
        "paddingTop": 12,
      }
    }
  >
    <View
      style={
        {
          "alignItems": "center",
          "flexDirection": "column",
          "flexShrink": 1,
          "gap": 8,
        }
      }
    >
      <View
        style={
          {
            "backgroundColor": "transparent",
            "borderBottomColor": "transparent",
            "borderBottomLeftRadius": 999999,
            "borderBottomRightRadius": 999999,
            "borderBottomWidth": 0,
            "borderLeftColor": "transparent",
            "borderLeftWidth": 0,
            "borderRightColor": "transparent",
            "borderRightWidth": 0,
            "borderStyle": "solid",
            "borderTopColor": "transparent",
            "borderTopLeftRadius": 999999,
            "borderTopRightRadius": 999999,
            "borderTopWidth": 0,
            "flexDirection": "column",
            "position": "relative",
          }
        }
        testID="account-icon"
      >
        <View
          style={
            {
              "flexDirection": "column",
              "height": 56,
              "width": 56,
            }
          }
        >
          <View
            style={
              {
                "height": 56,
                "width": 56,
              }
            }
          >
            <View
              color="#00C3A01F"
              cx={28}
              cy={28}
              r={28}
            />
            <View
              transform={
                [
                  {
                    "translateX": 9.333333333333332,
                  },
                  {
                    "translateY": 9.333333333333332,
                  },
                ]
              }
            >
              <View
                transform={
                  [
                    {
                      "scale": 0.7777777777777778,
                    },
                  ]
                }
              >
                <View
                  clip-rule="evenodd"
                  color="#00C3A0"
                  fillType="evenOdd"
                  path="M20.9454 0.0175773C22.4936 -0.167833 23.763 1.13917 23.763 2.72944V21.3625C23.763 22.9527 22.4993 24.2419 20.9405 24.2419L2.67549 24.2419C1.11665 24.2419 -0.16452 22.9469 0.0172307 21.3675C1.30306 10.1936 9.99222 1.32931 20.9454 0.0175773Z"
                  strokeWidth={1}
                />
                <View
                  clip-rule="evenodd"
                  color="#00C3A0"
                  fillType="evenOdd"
                  path="M27.0546 47.9824C25.5064 48.1678 24.237 46.8608 24.237 45.2706V26.6375C24.237 25.0473 25.5007 23.7581 27.0595 23.7581L45.3245 23.7581C46.8833 23.7581 48.1645 25.0531 47.9828 26.6325C46.6969 37.8064 38.0078 46.6707 27.0546 47.9824Z"
                  strokeWidth={1}
                />
              </View>
            </View>
          </View>
        </View>
      </View>
      <View
        style={
          {
            "alignItems": "center",
            "flexDirection": "column",
            "flexShrink": 1,
            "gap": 0,
          }
        }
      >
        <View
          style={
            {
              "alignItems": "center",
              "flexDirection": "row",
              "gap": 12,
              "justifyContent": "center",
            }
          }
        >
          <View
            style={
              {
                "alignItems": "center",
                "flexDirection": "row",
                "gap": 4,
                "justifyContent": "center",
              }
            }
          >
            <Text
              adjustsFontSizeToFit={true}
              allowFontScaling={true}
              ellipsizeMode="tail"
              maxFontSizeMultiplier={1.4}
              numberOfLines={1}
              style={
                {
                  "color": "#222222",
                  "flexShrink": 1,
                  "fontFamily": "Basel-Book",
                  "fontSize": 19,
                  "lineHeight": 24,
                }
              }
              suppressHighlighting={true}
              testID="address-display/name/Test Account"
            >
              Test Account
            </Text>
          </View>
        </View>
        <View
          cancelable={true}
          disabled={false}
          focusable={true}
          hitSlop={[Function]}
          minPressDuration={0}
          onBlur={[Function]}
          onFocus={[Function]}
          onMouseEnter={[Function]}
          onMouseLeave={[Function]}
          onPress={[Function]}
          onPressIn={[Function]}
          onPressOut={[Function]}
          style={
            {
              "flexDirection": "column",
              "opacity": 1,
              "transform": [
                {
                  "scale": 1,
                },
              ],
            }
          }
          testID="copy"
        >
          <View
            style={
              {
                "alignItems": "center",
                "backgroundColor": "transparent",
                "borderBottomLeftRadius": 999999,
                "borderBottomRightRadius": 999999,
                "borderTopLeftRadius": 999999,
                "borderTopRightRadius": 999999,
                "flexDirection": "row",
                "gap": 4,
                "justifyContent": "center",
                "marginTop": 0,
                "paddingBottom": 0,
                "paddingLeft": 0,
                "paddingRight": 0,
                "paddingTop": 0,
              }
            }
          >
            <Text
              allowFontScaling={true}
              maxFontSizeMultiplier={1.4}
              style={
                {
                  "color": "#7D7D7D",
                  "fontFamily": "Basel-Book",
                  "fontSize": 17,
                  "lineHeight": 24,
                }
              }
              suppressHighlighting={true}
            >
              0xâ€‹82D5...3Fa6
            </Text>
            <RNSVGSvgView
              align="xMidYMid"
              bbHeight="17"
              bbWidth="17"
              fill="none"
              focusable={false}
              meetOrSlice={0}
              minX={0}
              minY={0}
              strokeWidth={8}
              style={
                [
                  {
                    "backgroundColor": "transparent",
                    "borderWidth": 0,
                  },
                  {
                    "color": "#7D7D7D",
                    "height": 17,
                    "width": 17,
                  },
                  {
                    "flex": 0,
                    "height": 17,
                    "width": 17,
                  },
                ]
              }
              tintColor="#7D7D7D"
              vbHeight={16}
              vbWidth={15}
            >
              <RNSVGGroup
                fill={null}
                propList={
                  [
                    "fill",
                    "strokeWidth",
                  ]
                }
                strokeWidth="8"
              >
                <RNSVGPath
                  d="M12.2813 3.6875H5.71875C4.086 3.6875 3.1875 4.586 3.1875 6.21875V12.7813C3.1875 14.414 4.086 15.3125 5.71875 15.3125H12.2813C13.914 15.3125 14.8125 14.414 14.8125 12.7813V6.21875C14.8125 4.586 13.914 3.6875 12.2813 3.6875ZM13.6875 12.7813C13.6875 13.7803 13.2803 14.1875 12.2813 14.1875H5.71875C4.71975 14.1875 4.3125 13.7803 4.3125 12.7813V6.21875C4.3125 5.21975 4.71975 4.8125 5.71875 4.8125H12.2813C13.2803 4.8125 13.6875 5.21975 13.6875 6.21875V12.7813ZM1.3125 3.215V9.785C1.3125 10.6835 1.67482 10.9048 1.79407 10.9783C2.05957 11.1403 2.14192 11.4868 1.97992 11.7515C1.87342 11.9248 1.68902 12.02 1.49927 12.02C1.39952 12.02 1.29743 11.993 1.20593 11.9375C0.530183 11.5235 0.1875 10.7998 0.1875 9.785V3.215C0.1875 1.6085 1.10934 0.6875 2.71509 0.6875H9.28491C10.5487 0.6875 11.1525 1.24173 11.4375 1.70598C11.5995 1.97073 11.5162 2.31723 11.2515 2.47923C10.986 2.64198 10.641 2.55799 10.4782 2.29324C10.4055 2.17399 10.1834 1.81177 9.28491 1.81177H2.71509C1.71909 1.81252 1.3125 2.219 1.3125 3.215Z"
                  fill={
                    {
                      "type": 2,
                    }
                  }
                  propList={
                    [
                      "fill",
                    ]
                  }
                />
              </RNSVGGroup>
            </RNSVGSvgView>
          </View>
        </View>
      </View>
    </View>
    <View
      style={
        {
          "flexDirection": "column",
          "paddingLeft": 24,
          "paddingRight": 24,
        }
      }
    >
      <View
        cancelable={true}
        disabled={false}
        focusable={true}
        minPressDuration={0}
        onBlur={[Function]}
        onFocus={[Function]}
        onMouseEnter={[Function]}
        onMouseLeave={[Function]}
        onPress={[Function]}
        onPressIn={[Function]}
        onPressOut={[Function]}
        style={
          {
            "alignItems": "center",
            "backgroundColor": "#2222220D",
            "borderBottomColor": "transparent",
            "borderBottomLeftRadius": 12,
            "borderBottomRightRadius": 12,
            "borderBottomWidth": 1,
            "borderLeftColor": "transparent",
            "borderLeftWidth": 1,
            "borderRightColor": "transparent",
            "borderRightWidth": 1,
            "borderStyle": "solid",
            "borderTopColor": "transparent",
            "borderTopLeftRadius": 12,
            "borderTopRightRadius": 12,
            "borderTopWidth": 1,
            "flexDirection": "row",
            "gap": 4,
            "height": "auto",
            "justifyContent": "center",
            "opacity": 1,
            "paddingBottom": 8,
            "paddingLeft": 8,
            "paddingRight": 8,
            "paddingTop": 8,
          }
        }
        testID="WalletSettings"
      >
        <Text
          maxFontSizeMultiplier={1.2}
          style={
            {
              "color": "#000000",
              "fontFamily": "Basel-Medium",
              "fontSize": 17,
              "fontWeight": "500",
              "lineHeight": 24,
            }
          }
          suppressHighlighting={true}
        >
          Manage wallet
        </Text>
      </View>
    </View>
  </View>
  <View
    style={
      {
        "flexDirection": "column",
        "flexShrink": 1,
      }
    }
  >
    ExpoLinearGradient
    <RCTScrollView
      CellRendererComponent={[Function]}
      ListHeaderComponent={<React.Fragment />}
      bounces={false}
      collapsable={false}
      data={[]}
      getItem={[Function]}
      getItemCount={[Function]}
      jestAnimatedStyle={
        {
          "value": {},
        }
      }
      keyExtractor={[Function]}
      keyboardShouldPersistTaps="always"
      onContentSizeChange={[Function]}
      onLayout={[Function]}
      onMomentumScrollBegin={[Function]}
      onMomentumScrollEnd={[Function]}
      onScroll={[Function]}
      onScrollBeginDrag={[Function]}
      onScrollEndDrag={[Function]}
      removeClippedSubviews={false}
      renderItem={[Function]}
      scrollEnabled={false}
      scrollEventThrottle={16}
      sentry-label="VirtualizedList"
      showsHorizontalScrollIndicator={false}
      showsVerticalScrollIndicator={false}
      stickyHeaderIndices={[]}
      viewabilityConfigCallbackPairs={[]}
    >
      <View>
        <View
          collapsable={false}
          onLayout={[Function]}
        />
      </View>
    </RCTScrollView>
    ExpoLinearGradient
  </View>
  <View
    cancelable={true}
    disabled={false}
    focusable={true}
    hitSlop={[Function]}
    minPressDuration={0}
    onBlur={[Function]}
    onFocus={[Function]}
    onMouseEnter={[Function]}
    onMouseLeave={[Function]}
    onPress={[Function]}
    onPressIn={[Function]}
    onPressOut={[Function]}
    style={
      {
        "flexDirection": "column",
        "marginTop": 16,
        "opacity": 1,
        "transform": [
          {
            "scale": 1,
          },
        ],
      }
    }
  >
    <View
      style={
        {
          "alignItems": "center",
          "flexDirection": "row",
          "gap": 8,
          "marginLeft": 24,
        }
      }
    >
      <View
        style={
          {
            "alignItems": "center",
            "backgroundColor": "#FFFFFF",
            "borderBottomColor": "#2222220D",
            "borderBottomLeftRadius": 999999,
            "borderBottomRightRadius": 999999,
            "borderBottomWidth": 1,
            "borderLeftColor": "#2222220D",
            "borderLeftWidth": 1,
            "borderRightColor": "#2222220D",
            "borderRightWidth": 1,
            "borderStyle": "solid",
            "borderTopColor": "#2222220D",
            "borderTopLeftRadius": 999999,
            "borderTopRightRadius": 999999,
            "borderTopWidth": 1,
            "flexDirection": "column",
            "height": 40,
            "justifyContent": "center",
            "paddingBottom": 8,
            "paddingLeft": 8,
            "paddingRight": 8,
            "paddingTop": 8,
            "shadowColor": "rgb(34,34,34)",
            "shadowOffset": {
              "height": 0,
              "width": 0,
            },
            "shadowOpacity": 0.050980392156862744,
            "shadowRadius": 10,
            "width": 40,
          }
        }
      >
        <RNSVGSvgView
          align="xMidYMid"
          bbHeight="16"
          bbWidth="16"
          fill="none"
          focusable={false}
          meetOrSlice={0}
          minX={0}
          minY={0}
          strokeWidth={2}
          style={
            [
              {
                "backgroundColor": "transparent",
                "borderWidth": 0,
              },
              {
                "color": "#7D7D7D",
                "height": 16,
                "width": 16,
              },
              {
                "flex": 0,
                "height": 16,
                "width": 16,
              },
            ]
          }
          tintColor="#7D7D7D"
          vbHeight={16}
          vbWidth={16}
        >
          <RNSVGGroup
            fill={null}
            propList={
              [
                "fill",
                "strokeWidth",
              ]
            }
            strokeWidth="2"
          >
            <RNSVGPath
              d="M8 1v14"
              fill={
                {
                  "payload": 4278190080,
                  "type": 0,
                }
              }
              propList={
                [
                  "stroke",
                  "strokeLinecap",
                  "strokeLinejoin",
                ]
              }
              stroke={
                {
                  "type": 2,
                }
              }
              strokeLinecap={1}
              strokeLinejoin={1}
            />
            <RNSVGPath
              d="M1 8h14"
              fill={
                {
                  "payload": 4278190080,
                  "type": 0,
                }
              }
              propList={
                [
                  "stroke",
                  "strokeLinecap",
                  "strokeLinejoin",
                ]
              }
              stroke={
                {
                  "type": 2,
                }
              }
              strokeLinecap={1}
              strokeLinejoin={1}
            />
          </RNSVGGroup>
        </RNSVGSvgView>
      </View>
      <Text
        allowFontScaling={true}
        maxFontSizeMultiplier={1.2}
        style={
          {
            "color": "#7D7D7D",
            "fontFamily": "Basel-Medium",
            "fontSize": 17,
            "fontWeight": "500",
            "lineHeight": 24,
          }
        }
        suppressHighlighting={true}
      >
        Add wallet
      </Text>
    </View>
  </View>
</View>
`;
